{
  "pdfs": 12,
  "pages": 220,
  "files": {
    "旗舰元年_7.0_供应商署名与授权组件.pdf": {
      "pages": 6,
      "allPagesRendered": true,
      "bytes": 1560386
    },
    "旗舰元年_7.0_全卡牌图鉴.pdf": {
      "pages": 76,
      "allPagesRendered": true,
      "bytes": 2639650
    },
    "旗舰元年_7.0_六部门行动正反面.pdf": {
      "pages": 2,
      "allPagesRendered": true,
      "bytes": 374068
    },
    "旗舰元年_7.0_初始通用配件正反面.pdf": {
      "pages": 4,
      "allPagesRendered": true,
      "bytes": 420974
    },
    "旗舰元年_7.0_参考机正反面.pdf": {
      "pages": 10,
      "allPagesRendered": true,
      "bytes": 1608216
    },
    "旗舰元年_7.0_完整规则书.pdf": {
      "pages": 25,
      "allPagesRendered": true,
      "bytes": 954151
    },
    "旗舰元年_7.0_实体组件.pdf": {
      "pages": 11,
      "allPagesRendered": true,
      "bytes": 1471854
    },
    "旗舰元年_7.0_扩产组件与速查.pdf": {
      "pages": 3,
      "allPagesRendered": true,
      "bytes": 601519
    },
    "旗舰元年_7.0_线下版图.pdf": {
      "pages": 12,
      "allPagesRendered": true,
      "bytes": 1492402
    },
    "旗舰元年_7.0_统一主牌正反面.pdf": {
      "pages": 58,
      "allPagesRendered": true,
      "bytes": 6364976
    },
    "旗舰元年_7.0_芯片与市场校准表.pdf": {
      "pages": 11,
      "allPagesRendered": true,
      "bytes": 477023
    },
    "旗舰元年_7.0_设计规划书.pdf": {
      "pages": 2,
      "allPagesRendered": true,
      "bytes": 226904
    }
  }
}
